---
source: crates/portfolio-engine/tests/goldens.rs
---
as_of: 2025-01-12
base_currency: USD
baseline:
  accounts:
    acc-a:
      currency: USD
      disposals:
        - activity_id: out-1
          asset_id: aapl
          cost_basis: "5000"
          cost_basis_base: "5000"
          currency: USD
          date: 2025-01-08
          fx_rate_to_base: "1"
          id: "out-1:buy-1:0"
          lot_id: buy-1
          proceeds: "5000"
          proceeds_base: "5000"
          quantity: "100"
          realized_pnl: "0"
          realized_pnl_base: "0"
      flows:
        - date: 2025-01-08
          inflow_base: "0"
          outflow_base: "5000"
          source: QUOTE_DERIVED_MARKET_VALUE
      keyframes:
        - cash:
            USD: "6000"
          cash_total_account_currency: "6000"
          cash_total_base_currency: "6000"
          cost_basis: "0"
          date: 2025-01-02
          net_contribution: "6000"
          net_contribution_base: "6000"
          positions: {}
          source: CALCULATED
        - cash:
            USD: "1000"
          cash_total_account_currency: "1000"
          cash_total_base_currency: "1000"
          cost_basis: "5000"
          date: 2025-01-03
          net_contribution: "6000"
          net_contribution_base: "6000"
          positions:
            aapl:
              average_cost: "50"
              contract_multiplier: "1"
              cost_basis_account: "5000"
              cost_basis_base: "5000"
              currency: USD
              is_alternative: false
              quantity: "100"
              total_cost_basis: "5000"
          source: CALCULATED
        - cash:
            USD: "1000"
          cash_total_account_currency: "1000"
          cash_total_base_currency: "1000"
          cost_basis: "0"
          date: 2025-01-08
          net_contribution: "1000"
          net_contribution_base: "1000"
          positions:
            aapl:
              average_cost: "0"
              contract_multiplier: "1"
              cost_basis_account: ~
              cost_basis_base: ~
              currency: USD
              is_alternative: false
              quantity: "0"
              total_cost_basis: "0"
          source: CALCULATED
      lots:
        - asset_id: aapl
          base_currency: USD
          close_activity_id: out-1
          close_date: 2025-01-08
          cost_per_unit: "50"
          currency: USD
          fee_allocated: "0"
          fee_allocated_base: "0"
          fx_rate_to_account: ~
          fx_rate_to_base: "1"
          id: buy-1
          is_closed: true
          open_activity_id: buy-1
          open_date: 2025-01-03
          original_cost_basis: "5000"
          original_cost_basis_base: "5000"
          original_quantity: "100"
          remaining_cost_basis: "0"
          remaining_cost_basis_base: "0"
          remaining_quantity: "0"
          split_ratio: "1"
          tax_allocated: "0"
          tax_allocated_base: "0"
      performance:
        all_time:
          attribution:
            contributions: "6000"
            distributions: "5000"
            fees: "0"
            fx_effect: "0"
            income: "0"
            realized_pnl: "0"
            residual: "0"
            taxes: "0"
            unrealized_pnl_change: "0"
          basis_status: notApplicable
          is_holdings_mode: false
          is_mixed_tracking_mode: false
          method: timeWeighted
          period_end: 2025-01-12
          period_start: 2025-01-02
          quality: ok
          returns:
            annualized_irr: "0"
            annualized_twr: ~
            annualized_value_return: ~
            irr: "0"
            twr: "0"
            value_return: "0"
          risk:
            drawdown_duration_days: 1
            max_drawdown: "0"
            peak_date: 2025-01-02
            recovery_date: ~
            trough_date: 2025-01-03
            volatility: "0"
          series:
            - date: 2025-01-02
              value: "0"
            - date: 2025-01-03
              value: "0"
            - date: 2025-01-04
              value: "0"
            - date: 2025-01-05
              value: "0"
            - date: 2025-01-06
              value: "0"
            - date: 2025-01-07
              value: "0"
            - date: 2025-01-08
              value: "0"
            - date: 2025-01-09
              value: "0"
            - date: 2025-01-10
              value: "0"
            - date: 2025-01-11
              value: "0"
            - date: 2025-01-12
              value: "0"
          summary:
            amount: "0"
            amount_status: complete
            basis: marketValue
            basis_status: notApplicable
            method: timeWeighted
            percent: "0"
            percent_status: complete
            quality: ok
      tracking_mode: TRANSACTIONS
      valuations:
        - basis_status: notApplicable
          book_basis: "6000"
          book_basis_base: "6000"
          cash_balance: "6000"
          cash_balance_base: "6000"
          cost_basis: "0"
          cost_basis_base: "0"
          date: 2025-01-02
          external_flow_source: NO_FLOW
          external_inflow_base: "0"
          external_outflow_base: "0"
          fx_rate_to_base: "1"
          investment_market_value: "0"
          investment_market_value_base: "0"
          net_contribution: "6000"
          net_contribution_base: "6000"
          performance_eligible_value_base: "6000"
          total_value: "6000"
          total_value_base: "6000"
          value_status: complete
        - basis_status: complete
          book_basis: "6000"
          book_basis_base: "6000"
          cash_balance: "1000"
          cash_balance_base: "1000"
          cost_basis: "5000"
          cost_basis_base: "5000"
          date: 2025-01-03
          external_flow_source: NO_FLOW
          external_inflow_base: "0"
          external_outflow_base: "0"
          fx_rate_to_base: "1"
          investment_market_value: "5000"
          investment_market_value_base: "5000"
          net_contribution: "6000"
          net_contribution_base: "6000"
          performance_eligible_value_base: "6000"
          total_value: "6000"
          total_value_base: "6000"
          value_status: complete
        - basis_status: complete
          book_basis: "6000"
          book_basis_base: "6000"
          cash_balance: "1000"
          cash_balance_base: "1000"
          cost_basis: "5000"
          cost_basis_base: "5000"
          date: 2025-01-04
          external_flow_source: NO_FLOW
          external_inflow_base: "0"
          external_outflow_base: "0"
          fx_rate_to_base: "1"
          investment_market_value: "5000"
          investment_market_value_base: "5000"
          net_contribution: "6000"
          net_contribution_base: "6000"
          performance_eligible_value_base: "6000"
          total_value: "6000"
          total_value_base: "6000"
          value_status: complete
        - basis_status: complete
          book_basis: "6000"
          book_basis_base: "6000"
          cash_balance: "1000"
          cash_balance_base: "1000"
          cost_basis: "5000"
          cost_basis_base: "5000"
          date: 2025-01-05
          external_flow_source: NO_FLOW
          external_inflow_base: "0"
          external_outflow_base: "0"
          fx_rate_to_base: "1"
          investment_market_value: "5000"
          investment_market_value_base: "5000"
          net_contribution: "6000"
          net_contribution_base: "6000"
          performance_eligible_value_base: "6000"
          total_value: "6000"
          total_value_base: "6000"
          value_status: complete
        - basis_status: complete
          book_basis: "6000"
          book_basis_base: "6000"
          cash_balance: "1000"
          cash_balance_base: "1000"
          cost_basis: "5000"
          cost_basis_base: "5000"
          date: 2025-01-06
          external_flow_source: NO_FLOW
          external_inflow_base: "0"
          external_outflow_base: "0"
          fx_rate_to_base: "1"
          investment_market_value: "5000"
          investment_market_value_base: "5000"
          net_contribution: "6000"
          net_contribution_base: "6000"
          performance_eligible_value_base: "6000"
          total_value: "6000"
          total_value_base: "6000"
          value_status: complete
        - basis_status: complete
          book_basis: "6000"
          book_basis_base: "6000"
          cash_balance: "1000"
          cash_balance_base: "1000"
          cost_basis: "5000"
          cost_basis_base: "5000"
          date: 2025-01-07
          external_flow_source: NO_FLOW
          external_inflow_base: "0"
          external_outflow_base: "0"
          fx_rate_to_base: "1"
          investment_market_value: "5000"
          investment_market_value_base: "5000"
          net_contribution: "6000"
          net_contribution_base: "6000"
          performance_eligible_value_base: "6000"
          total_value: "6000"
          total_value_base: "6000"
          value_status: complete
        - basis_status: notApplicable
          book_basis: "1000"
          book_basis_base: "1000"
          cash_balance: "1000"
          cash_balance_base: "1000"
          cost_basis: "0"
          cost_basis_base: "0"
          date: 2025-01-08
          external_flow_source: QUOTE_DERIVED_MARKET_VALUE
          external_inflow_base: "0"
          external_outflow_base: "5000"
          fx_rate_to_base: "1"
          investment_market_value: "0"
          investment_market_value_base: "0"
          net_contribution: "1000"
          net_contribution_base: "1000"
          performance_eligible_value_base: "1000"
          total_value: "1000"
          total_value_base: "1000"
          value_status: complete
        - basis_status: notApplicable
          book_basis: "1000"
          book_basis_base: "1000"
          cash_balance: "1000"
          cash_balance_base: "1000"
          cost_basis: "0"
          cost_basis_base: "0"
          date: 2025-01-09
          external_flow_source: NO_FLOW
          external_inflow_base: "0"
          external_outflow_base: "0"
          fx_rate_to_base: "1"
          investment_market_value: "0"
          investment_market_value_base: "0"
          net_contribution: "1000"
          net_contribution_base: "1000"
          performance_eligible_value_base: "1000"
          total_value: "1000"
          total_value_base: "1000"
          value_status: complete
        - basis_status: notApplicable
          book_basis: "1000"
          book_basis_base: "1000"
          cash_balance: "1000"
          cash_balance_base: "1000"
          cost_basis: "0"
          cost_basis_base: "0"
          date: 2025-01-10
          external_flow_source: NO_FLOW
          external_inflow_base: "0"
          external_outflow_base: "0"
          fx_rate_to_base: "1"
          investment_market_value: "0"
          investment_market_value_base: "0"
          net_contribution: "1000"
          net_contribution_base: "1000"
          performance_eligible_value_base: "1000"
          total_value: "1000"
          total_value_base: "1000"
          value_status: complete
        - basis_status: notApplicable
          book_basis: "1000"
          book_basis_base: "1000"
          cash_balance: "1000"
          cash_balance_base: "1000"
          cost_basis: "0"
          cost_basis_base: "0"
          date: 2025-01-11
          external_flow_source: NO_FLOW
          external_inflow_base: "0"
          external_outflow_base: "0"
          fx_rate_to_base: "1"
          investment_market_value: "0"
          investment_market_value_base: "0"
          net_contribution: "1000"
          net_contribution_base: "1000"
          performance_eligible_value_base: "1000"
          total_value: "1000"
          total_value_base: "1000"
          value_status: complete
        - basis_status: notApplicable
          book_basis: "1000"
          book_basis_base: "1000"
          cash_balance: "1000"
          cash_balance_base: "1000"
          cost_basis: "0"
          cost_basis_base: "0"
          date: 2025-01-12
          external_flow_source: NO_FLOW
          external_inflow_base: "0"
          external_outflow_base: "0"
          fx_rate_to_base: "1"
          investment_market_value: "0"
          investment_market_value_base: "0"
          net_contribution: "1000"
          net_contribution_base: "1000"
          performance_eligible_value_base: "1000"
          total_value: "1000"
          total_value_base: "1000"
          value_status: complete
    acc-b:
      currency: USD
      disposals: []
      flows:
        - date: 2025-01-08
          inflow_base: "5000"
          outflow_base: "0"
          source: QUOTE_DERIVED_MARKET_VALUE
      keyframes:
        - cash:
            USD: "100"
          cash_total_account_currency: "100"
          cash_total_base_currency: "100"
          cost_basis: "0"
          date: 2025-01-02
          net_contribution: "100"
          net_contribution_base: "100"
          positions: {}
          source: CALCULATED
        - cash:
            USD: "75"
          cash_total_account_currency: "75"
          cash_total_base_currency: "75"
          cost_basis: "5000"
          date: 2025-01-08
          net_contribution: "5100"
          net_contribution_base: "5100"
          positions:
            aapl:
              average_cost: "50"
              contract_multiplier: "1"
              cost_basis_account: "5000"
              cost_basis_base: "5000"
              currency: USD
              is_alternative: false
              quantity: "100"
              total_cost_basis: "5000"
          source: CALCULATED
      lots:
        - asset_id: aapl
          base_currency: USD
          close_activity_id: ~
          close_date: ~
          cost_per_unit: "50"
          currency: USD
          fee_allocated: "0"
          fee_allocated_base: "0"
          fx_rate_to_account: "1"
          fx_rate_to_base: "1"
          id: in-1
          is_closed: false
          open_activity_id: in-1
          open_date: 2025-01-03
          original_cost_basis: "5000"
          original_cost_basis_base: "5000"
          original_quantity: "100"
          remaining_cost_basis: "5000"
          remaining_cost_basis_base: "5000"
          remaining_quantity: "100"
          split_ratio: "1"
          tax_allocated: "0"
          tax_allocated_base: "0"
      performance:
        all_time:
          attribution:
            contributions: "5100"
            distributions: "0"
            fees: "0"
            fx_effect: "0"
            income: "0"
            realized_pnl: "0"
            residual: "0"
            taxes: "0"
            unrealized_pnl_change: "200"
          basis_status: notApplicable
          is_holdings_mode: false
          is_mixed_tracking_mode: false
          method: timeWeighted
          period_end: 2025-01-12
          period_start: 2025-01-02
          quality: partial
          returns:
            annualized_irr: "18.89767806"
            annualized_twr: ~
            annualized_value_return: ~
            irr: "0.08532366"
            twr: "0.03431373"
            value_return: "1.75"
          risk:
            drawdown_duration_days: 5
            max_drawdown: "-0.00490196"
            peak_date: 2025-01-07
            recovery_date: 2025-01-12
            trough_date: 2025-01-08
            volatility: "0.23872913"
          series:
            - date: 2025-01-02
              value: "0"
            - date: 2025-01-03
              value: "0"
            - date: 2025-01-04
              value: "0"
            - date: 2025-01-05
              value: "0"
            - date: 2025-01-06
              value: "0"
            - date: 2025-01-07
              value: "0"
            - date: 2025-01-08
              value: "-0.00490196"
            - date: 2025-01-09
              value: "-0.00490196"
            - date: 2025-01-10
              value: "-0.00490196"
            - date: 2025-01-11
              value: "-0.00490196"
            - date: 2025-01-12
              value: "0.03431373"
          summary:
            amount: "200"
            amount_status: complete
            basis: marketValue
            basis_status: notApplicable
            method: timeWeighted
            percent: "0.03431373"
            percent_status: complete
            quality: partial
      tracking_mode: TRANSACTIONS
      valuations:
        - basis_status: notApplicable
          book_basis: "100"
          book_basis_base: "100"
          cash_balance: "100"
          cash_balance_base: "100"
          cost_basis: "0"
          cost_basis_base: "0"
          date: 2025-01-02
          external_flow_source: NO_FLOW
          external_inflow_base: "0"
          external_outflow_base: "0"
          fx_rate_to_base: "1"
          investment_market_value: "0"
          investment_market_value_base: "0"
          net_contribution: "100"
          net_contribution_base: "100"
          performance_eligible_value_base: "100"
          total_value: "100"
          total_value_base: "100"
          value_status: complete
        - basis_status: notApplicable
          book_basis: "100"
          book_basis_base: "100"
          cash_balance: "100"
          cash_balance_base: "100"
          cost_basis: "0"
          cost_basis_base: "0"
          date: 2025-01-03
          external_flow_source: NO_FLOW
          external_inflow_base: "0"
          external_outflow_base: "0"
          fx_rate_to_base: "1"
          investment_market_value: "0"
          investment_market_value_base: "0"
          net_contribution: "100"
          net_contribution_base: "100"
          performance_eligible_value_base: "100"
          total_value: "100"
          total_value_base: "100"
          value_status: complete
        - basis_status: notApplicable
          book_basis: "100"
          book_basis_base: "100"
          cash_balance: "100"
          cash_balance_base: "100"
          cost_basis: "0"
          cost_basis_base: "0"
          date: 2025-01-04
          external_flow_source: NO_FLOW
          external_inflow_base: "0"
          external_outflow_base: "0"
          fx_rate_to_base: "1"
          investment_market_value: "0"
          investment_market_value_base: "0"
          net_contribution: "100"
          net_contribution_base: "100"
          performance_eligible_value_base: "100"
          total_value: "100"
          total_value_base: "100"
          value_status: complete
        - basis_status: notApplicable
          book_basis: "100"
          book_basis_base: "100"
          cash_balance: "100"
          cash_balance_base: "100"
          cost_basis: "0"
          cost_basis_base: "0"
          date: 2025-01-05
          external_flow_source: NO_FLOW
          external_inflow_base: "0"
          external_outflow_base: "0"
          fx_rate_to_base: "1"
          investment_market_value: "0"
          investment_market_value_base: "0"
          net_contribution: "100"
          net_contribution_base: "100"
          performance_eligible_value_base: "100"
          total_value: "100"
          total_value_base: "100"
          value_status: complete
        - basis_status: notApplicable
          book_basis: "100"
          book_basis_base: "100"
          cash_balance: "100"
          cash_balance_base: "100"
          cost_basis: "0"
          cost_basis_base: "0"
          date: 2025-01-06
          external_flow_source: NO_FLOW
          external_inflow_base: "0"
          external_outflow_base: "0"
          fx_rate_to_base: "1"
          investment_market_value: "0"
          investment_market_value_base: "0"
          net_contribution: "100"
          net_contribution_base: "100"
          performance_eligible_value_base: "100"
          total_value: "100"
          total_value_base: "100"
          value_status: complete
        - basis_status: notApplicable
          book_basis: "100"
          book_basis_base: "100"
          cash_balance: "100"
          cash_balance_base: "100"
          cost_basis: "0"
          cost_basis_base: "0"
          date: 2025-01-07
          external_flow_source: NO_FLOW
          external_inflow_base: "0"
          external_outflow_base: "0"
          fx_rate_to_base: "1"
          investment_market_value: "0"
          investment_market_value_base: "0"
          net_contribution: "100"
          net_contribution_base: "100"
          performance_eligible_value_base: "100"
          total_value: "100"
          total_value_base: "100"
          value_status: complete
        - basis_status: complete
          book_basis: "5075"
          book_basis_base: "5075"
          cash_balance: "75"
          cash_balance_base: "75"
          cost_basis: "5000"
          cost_basis_base: "5000"
          date: 2025-01-08
          external_flow_source: QUOTE_DERIVED_MARKET_VALUE
          external_inflow_base: "5000"
          external_outflow_base: "0"
          fx_rate_to_base: "1"
          investment_market_value: "5000"
          investment_market_value_base: "5000"
          net_contribution: "5100"
          net_contribution_base: "5100"
          performance_eligible_value_base: "5075"
          total_value: "5075"
          total_value_base: "5075"
          value_status: complete
        - basis_status: complete
          book_basis: "5075"
          book_basis_base: "5075"
          cash_balance: "75"
          cash_balance_base: "75"
          cost_basis: "5000"
          cost_basis_base: "5000"
          date: 2025-01-09
          external_flow_source: NO_FLOW
          external_inflow_base: "0"
          external_outflow_base: "0"
          fx_rate_to_base: "1"
          investment_market_value: "5000"
          investment_market_value_base: "5000"
          net_contribution: "5100"
          net_contribution_base: "5100"
          performance_eligible_value_base: "5075"
          total_value: "5075"
          total_value_base: "5075"
          value_status: complete
        - basis_status: complete
          book_basis: "5075"
          book_basis_base: "5075"
          cash_balance: "75"
          cash_balance_base: "75"
          cost_basis: "5000"
          cost_basis_base: "5000"
          date: 2025-01-10
          external_flow_source: NO_FLOW
          external_inflow_base: "0"
          external_outflow_base: "0"
          fx_rate_to_base: "1"
          investment_market_value: "5000"
          investment_market_value_base: "5000"
          net_contribution: "5100"
          net_contribution_base: "5100"
          performance_eligible_value_base: "5075"
          total_value: "5075"
          total_value_base: "5075"
          value_status: complete
        - basis_status: complete
          book_basis: "5075"
          book_basis_base: "5075"
          cash_balance: "75"
          cash_balance_base: "75"
          cost_basis: "5000"
          cost_basis_base: "5000"
          date: 2025-01-11
          external_flow_source: NO_FLOW
          external_inflow_base: "0"
          external_outflow_base: "0"
          fx_rate_to_base: "1"
          investment_market_value: "5000"
          investment_market_value_base: "5000"
          net_contribution: "5100"
          net_contribution_base: "5100"
          performance_eligible_value_base: "5075"
          total_value: "5075"
          total_value_base: "5075"
          value_status: complete
        - basis_status: complete
          book_basis: "5075"
          book_basis_base: "5075"
          cash_balance: "75"
          cash_balance_base: "75"
          cost_basis: "5000"
          cost_basis_base: "5000"
          date: 2025-01-12
          external_flow_source: NO_FLOW
          external_inflow_base: "0"
          external_outflow_base: "0"
          fx_rate_to_base: "1"
          investment_market_value: "5200"
          investment_market_value_base: "5200"
          net_contribution: "5100"
          net_contribution_base: "5100"
          performance_eligible_value_base: "5275"
          total_value: "5275"
          total_value_base: "5275"
          value_status: complete
  diagnostics: []
  portfolio:
    all_time:
      attribution:
        contributions: "6100"
        distributions: "0"
        fees: "0"
        fx_effect: "0"
        income: "0"
        realized_pnl: "0"
        residual: "0"
        taxes: "0"
        unrealized_pnl_change: "200"
      basis_status: notApplicable
      is_holdings_mode: false
      is_mixed_tracking_mode: false
      method: timeWeighted
      period_end: 2025-01-12
      period_start: 2025-01-02
      quality: partial
      returns:
        annualized_irr: "1.80976029"
        annualized_twr: ~
        annualized_value_return: ~
        irr: "0.02868852"
        twr: "0.02868852"
        value_return: "0.02868852"
      risk:
        drawdown_duration_days: 5
        max_drawdown: "-0.00409836"
        peak_date: 2025-01-07
        recovery_date: 2025-01-12
        trough_date: 2025-01-08
        volatility: "0.20004523"
      series:
        - date: 2025-01-02
          value: "0"
        - date: 2025-01-03
          value: "0"
        - date: 2025-01-04
          value: "0"
        - date: 2025-01-05
          value: "0"
        - date: 2025-01-06
          value: "0"
        - date: 2025-01-07
          value: "0"
        - date: 2025-01-08
          value: "-0.00409836"
        - date: 2025-01-09
          value: "-0.00409836"
        - date: 2025-01-10
          value: "-0.00409836"
        - date: 2025-01-11
          value: "-0.00409836"
        - date: 2025-01-12
          value: "0.02868852"
      summary:
        amount: "200"
        amount_status: complete
        basis: marketValue
        basis_status: notApplicable
        method: timeWeighted
        percent: "0.02868852"
        percent_status: complete
        quality: partial
  portfolio_flows:
    - date: 2025-01-08
      inflow_base: "0"
      outflow_base: "0"
      source: MIXED
scenario: EDGE-TXF-02
