---
source: crates/portfolio-engine/tests/goldens.rs
---
as_of: 2025-01-10
base_currency: USD
baseline:
  accounts:
    acc-1:
      currency: CAD
      disposals: []
      flows: []
      keyframes:
        - cash:
            CAD: "1000"
          cash_total_account_currency: "1000"
          cash_total_base_currency: "700"
          cost_basis: "0"
          date: 2025-01-02
          net_contribution: "1000"
          net_contribution_base: "700"
          positions: {}
          source: CALCULATED
        - cash:
            CAD: "1000"
            USD: "-500"
          cash_total_account_currency: "285.71428571"
          cash_total_base_currency: "200"
          cost_basis: "714.28571429"
          date: 2025-01-03
          net_contribution: "1000"
          net_contribution_base: "700"
          positions:
            us:
              average_cost: "100"
              contract_multiplier: "1"
              cost_basis_account: "714.28571429"
              cost_basis_base: "500"
              currency: USD
              is_alternative: false
              quantity: "5"
              total_cost_basis: "500"
          source: CALCULATED
      lots:
        - asset_id: us
          base_currency: USD
          close_activity_id: ~
          close_date: ~
          cost_per_unit: "100"
          currency: USD
          fee_allocated: "0"
          fee_allocated_base: "0"
          fx_rate_to_account: "1.42857143"
          fx_rate_to_base: "1"
          id: buy-1
          is_closed: false
          open_activity_id: buy-1
          open_date: 2025-01-03
          original_cost_basis: "500"
          original_cost_basis_base: "500"
          original_quantity: "5"
          remaining_cost_basis: "500"
          remaining_cost_basis_base: "500"
          remaining_quantity: "5"
          split_ratio: "1"
          tax_allocated: "0"
          tax_allocated_base: "0"
      performance:
        all_time:
          attribution:
            contributions: "700"
            distributions: "0"
            fees: "0"
            fx_effect: "7.14285714"
            income: "0"
            realized_pnl: "0"
            residual: "0"
            taxes: "0"
            unrealized_pnl_change: "12.85714286"
          basis_status: notApplicable
          is_holdings_mode: false
          is_mixed_tracking_mode: false
          method: timeWeighted
          period_end: 2025-01-10
          period_start: 2025-01-02
          quality: partial
          returns:
            annualized_irr: "5.79323979"
            annualized_twr: ~
            annualized_value_return: ~
            irr: "0.04285714"
            twr: "0.04285714"
            value_return: "0.04285714"
          risk:
            drawdown_duration_days: 1
            max_drawdown: "-0.01351351"
            peak_date: 2025-01-08
            recovery_date: ~
            trough_date: 2025-01-09
            volatility: "0.28062908"
          series:
            - date: 2025-01-02
              value: "0"
            - date: 2025-01-03
              value: "0"
            - date: 2025-01-04
              value: "0"
            - date: 2025-01-05
              value: "0"
            - date: 2025-01-06
              value: "0.02857143"
            - date: 2025-01-07
              value: "0.02857143"
            - date: 2025-01-08
              value: "0.05714286"
            - date: 2025-01-09
              value: "0.04285714"
            - date: 2025-01-10
              value: "0.04285714"
          summary:
            amount: "20"
            amount_status: complete
            basis: marketValue
            basis_status: notApplicable
            method: timeWeighted
            percent: "0.04285714"
            percent_status: complete
            quality: partial
      tracking_mode: TRANSACTIONS
      valuations:
        - basis_status: notApplicable
          book_basis: "1000"
          book_basis_base: "700"
          cash_balance: "1000"
          cash_balance_base: "700"
          cost_basis: "0"
          cost_basis_base: "0"
          date: 2025-01-02
          external_flow_source: NO_FLOW
          external_inflow_base: "0"
          external_outflow_base: "0"
          fx_rate_to_base: "0.7"
          investment_market_value: "0"
          investment_market_value_base: "0"
          net_contribution: "1000"
          net_contribution_base: "700"
          performance_eligible_value_base: "700"
          total_value: "1000"
          total_value_base: "700"
          value_status: complete
        - basis_status: complete
          book_basis: "1000"
          book_basis_base: "700"
          cash_balance: "285.71428571"
          cash_balance_base: "200"
          cost_basis: "714.28571429"
          cost_basis_base: "500"
          date: 2025-01-03
          external_flow_source: NO_FLOW
          external_inflow_base: "0"
          external_outflow_base: "0"
          fx_rate_to_base: "0.7"
          investment_market_value: "714.28571429"
          investment_market_value_base: "500"
          net_contribution: "1000"
          net_contribution_base: "700"
          performance_eligible_value_base: "700"
          total_value: "1000"
          total_value_base: "700"
          value_status: complete
        - basis_status: complete
          book_basis: "1000"
          book_basis_base: "700"
          cash_balance: "285.71428571"
          cash_balance_base: "200"
          cost_basis: "714.28571429"
          cost_basis_base: "500"
          date: 2025-01-04
          external_flow_source: NO_FLOW
          external_inflow_base: "0"
          external_outflow_base: "0"
          fx_rate_to_base: "0.7"
          investment_market_value: "714.28571429"
          investment_market_value_base: "500"
          net_contribution: "1000"
          net_contribution_base: "700"
          performance_eligible_value_base: "700"
          total_value: "1000"
          total_value_base: "700"
          value_status: complete
        - basis_status: complete
          book_basis: "1000"
          book_basis_base: "700"
          cash_balance: "285.71428571"
          cash_balance_base: "200"
          cost_basis: "714.28571429"
          cost_basis_base: "500"
          date: 2025-01-05
          external_flow_source: NO_FLOW
          external_inflow_base: "0"
          external_outflow_base: "0"
          fx_rate_to_base: "0.7"
          investment_market_value: "714.28571429"
          investment_market_value_base: "500"
          net_contribution: "1000"
          net_contribution_base: "700"
          performance_eligible_value_base: "700"
          total_value: "1000"
          total_value_base: "700"
          value_status: complete
        - basis_status: complete
          book_basis: "1019.84126984"
          book_basis_base: "720"
          cash_balance: "305.55555556"
          cash_balance_base: "220"
          cost_basis: "714.28571429"
          cost_basis_base: "500"
          date: 2025-01-06
          external_flow_source: NO_FLOW
          external_inflow_base: "0"
          external_outflow_base: "0"
          fx_rate_to_base: "0.72"
          investment_market_value: "694.44444444"
          investment_market_value_base: "500"
          net_contribution: "1000"
          net_contribution_base: "700"
          performance_eligible_value_base: "720"
          total_value: "1000"
          total_value_base: "720"
          value_status: complete
        - basis_status: complete
          book_basis: "1019.84126984"
          book_basis_base: "720"
          cash_balance: "305.55555556"
          cash_balance_base: "220"
          cost_basis: "714.28571429"
          cost_basis_base: "500"
          date: 2025-01-07
          external_flow_source: NO_FLOW
          external_inflow_base: "0"
          external_outflow_base: "0"
          fx_rate_to_base: "0.72"
          investment_market_value: "694.44444444"
          investment_market_value_base: "500"
          net_contribution: "1000"
          net_contribution_base: "700"
          performance_eligible_value_base: "720"
          total_value: "1000"
          total_value_base: "720"
          value_status: complete
        - basis_status: complete
          book_basis: "1019.84126984"
          book_basis_base: "720"
          cash_balance: "305.55555556"
          cash_balance_base: "220"
          cost_basis: "714.28571429"
          cost_basis_base: "500"
          date: 2025-01-08
          external_flow_source: NO_FLOW
          external_inflow_base: "0"
          external_outflow_base: "0"
          fx_rate_to_base: "0.72"
          investment_market_value: "722.22222222"
          investment_market_value_base: "520"
          net_contribution: "1000"
          net_contribution_base: "700"
          performance_eligible_value_base: "740"
          total_value: "1027.77777778"
          total_value_base: "740"
          value_status: complete
        - basis_status: complete
          book_basis: "1010.06036217"
          book_basis_base: "710"
          cash_balance: "295.77464789"
          cash_balance_base: "210"
          cost_basis: "714.28571429"
          cost_basis_base: "500"
          date: 2025-01-09
          external_flow_source: NO_FLOW
          external_inflow_base: "0"
          external_outflow_base: "0"
          fx_rate_to_base: "0.71"
          investment_market_value: "732.3943662"
          investment_market_value_base: "520"
          net_contribution: "1000"
          net_contribution_base: "700"
          performance_eligible_value_base: "730"
          total_value: "1028.16901408"
          total_value_base: "730"
          value_status: complete
        - basis_status: complete
          book_basis: "1010.06036217"
          book_basis_base: "710"
          cash_balance: "295.77464789"
          cash_balance_base: "210"
          cost_basis: "714.28571429"
          cost_basis_base: "500"
          date: 2025-01-10
          external_flow_source: NO_FLOW
          external_inflow_base: "0"
          external_outflow_base: "0"
          fx_rate_to_base: "0.71"
          investment_market_value: "732.3943662"
          investment_market_value_base: "520"
          net_contribution: "1000"
          net_contribution_base: "700"
          performance_eligible_value_base: "730"
          total_value: "1028.16901408"
          total_value_base: "730"
          value_status: complete
  diagnostics: []
  portfolio:
    all_time:
      attribution:
        contributions: "700"
        distributions: "0"
        fees: "0"
        fx_effect: "7.14285714"
        income: "0"
        realized_pnl: "0"
        residual: "0"
        taxes: "0"
        unrealized_pnl_change: "12.85714286"
      basis_status: notApplicable
      is_holdings_mode: false
      is_mixed_tracking_mode: false
      method: timeWeighted
      period_end: 2025-01-10
      period_start: 2025-01-02
      quality: partial
      returns:
        annualized_irr: "5.79323979"
        annualized_twr: ~
        annualized_value_return: ~
        irr: "0.04285714"
        twr: "0.04285714"
        value_return: "0.04285714"
      risk:
        drawdown_duration_days: 1
        max_drawdown: "-0.01351351"
        peak_date: 2025-01-08
        recovery_date: ~
        trough_date: 2025-01-09
        volatility: "0.28062908"
      series:
        - date: 2025-01-02
          value: "0"
        - date: 2025-01-03
          value: "0"
        - date: 2025-01-04
          value: "0"
        - date: 2025-01-05
          value: "0"
        - date: 2025-01-06
          value: "0.02857143"
        - date: 2025-01-07
          value: "0.02857143"
        - date: 2025-01-08
          value: "0.05714286"
        - date: 2025-01-09
          value: "0.04285714"
        - date: 2025-01-10
          value: "0.04285714"
      summary:
        amount: "20"
        amount_status: complete
        basis: marketValue
        basis_status: notApplicable
        method: timeWeighted
        percent: "0.04285714"
        percent_status: complete
        quality: partial
  portfolio_flows: []
scenario: EDGE-FX-01
