---
source: crates/portfolio-engine/tests/goldens.rs
---
as_of: 2025-01-10
base_currency: USD
baseline:
  accounts:
    acc-1:
      currency: USD
      disposals: []
      flows: []
      keyframes:
        - cash:
            USD: "1000"
          cash_total_account_currency: "1000"
          cash_total_base_currency: "1000"
          cost_basis: "0"
          date: 2025-01-02
          net_contribution: "1000"
          net_contribution_base: "1000"
          positions: {}
          source: CALCULATED
        - cash:
            USD: "1012.5"
          cash_total_account_currency: "1012.5"
          cash_total_base_currency: "1012.5"
          cost_basis: "0"
          date: 2025-01-05
          net_contribution: "1000"
          net_contribution_base: "1000"
          positions: {}
          source: CALCULATED
        - cash:
            USD: "1009.5"
          cash_total_account_currency: "1009.5"
          cash_total_base_currency: "1009.5"
          cost_basis: "0"
          date: 2025-01-07
          net_contribution: "1000"
          net_contribution_base: "1000"
          positions: {}
          source: CALCULATED
      lots: []
      performance:
        all_time:
          attribution:
            contributions: "1000"
            distributions: "0"
            fees: "3"
            fx_effect: "0"
            income: "12.5"
            realized_pnl: "0"
            residual: "0"
            taxes: "0"
            unrealized_pnl_change: "0"
          basis_status: notApplicable
          is_holdings_mode: false
          is_mixed_tracking_mode: false
          method: timeWeighted
          period_end: 2025-01-10
          period_start: 2025-01-02
          quality: ok
          returns:
            annualized_irr: "0.5398532"
            annualized_twr: ~
            annualized_value_return: ~
            irr: "0.0095"
            twr: "0.0095"
            value_return: "0.0095"
          risk:
            drawdown_duration_days: 1
            max_drawdown: "-0.00296296"
            peak_date: 2025-01-06
            recovery_date: ~
            trough_date: 2025-01-07
            volatility: "0.08904209"
          series:
            - date: 2025-01-02
              value: "0"
            - date: 2025-01-03
              value: "0"
            - date: 2025-01-04
              value: "0"
            - date: 2025-01-05
              value: "0.0125"
            - date: 2025-01-06
              value: "0.0125"
            - date: 2025-01-07
              value: "0.0095"
            - date: 2025-01-08
              value: "0.0095"
            - date: 2025-01-09
              value: "0.0095"
            - date: 2025-01-10
              value: "0.0095"
          summary:
            amount: "9.5"
            amount_status: complete
            basis: marketValue
            basis_status: notApplicable
            method: timeWeighted
            percent: "0.0095"
            percent_status: complete
            quality: ok
      tracking_mode: TRANSACTIONS
      valuations:
        - basis_status: notApplicable
          book_basis: "1000"
          book_basis_base: "1000"
          cash_balance: "1000"
          cash_balance_base: "1000"
          cost_basis: "0"
          cost_basis_base: "0"
          date: 2025-01-02
          external_flow_source: NO_FLOW
          external_inflow_base: "0"
          external_outflow_base: "0"
          fx_rate_to_base: "1"
          investment_market_value: "0"
          investment_market_value_base: "0"
          net_contribution: "1000"
          net_contribution_base: "1000"
          performance_eligible_value_base: "1000"
          total_value: "1000"
          total_value_base: "1000"
          value_status: complete
        - basis_status: notApplicable
          book_basis: "1000"
          book_basis_base: "1000"
          cash_balance: "1000"
          cash_balance_base: "1000"
          cost_basis: "0"
          cost_basis_base: "0"
          date: 2025-01-03
          external_flow_source: NO_FLOW
          external_inflow_base: "0"
          external_outflow_base: "0"
          fx_rate_to_base: "1"
          investment_market_value: "0"
          investment_market_value_base: "0"
          net_contribution: "1000"
          net_contribution_base: "1000"
          performance_eligible_value_base: "1000"
          total_value: "1000"
          total_value_base: "1000"
          value_status: complete
        - basis_status: notApplicable
          book_basis: "1000"
          book_basis_base: "1000"
          cash_balance: "1000"
          cash_balance_base: "1000"
          cost_basis: "0"
          cost_basis_base: "0"
          date: 2025-01-04
          external_flow_source: NO_FLOW
          external_inflow_base: "0"
          external_outflow_base: "0"
          fx_rate_to_base: "1"
          investment_market_value: "0"
          investment_market_value_base: "0"
          net_contribution: "1000"
          net_contribution_base: "1000"
          performance_eligible_value_base: "1000"
          total_value: "1000"
          total_value_base: "1000"
          value_status: complete
        - basis_status: notApplicable
          book_basis: "1012.5"
          book_basis_base: "1012.5"
          cash_balance: "1012.5"
          cash_balance_base: "1012.5"
          cost_basis: "0"
          cost_basis_base: "0"
          date: 2025-01-05
          external_flow_source: NO_FLOW
          external_inflow_base: "0"
          external_outflow_base: "0"
          fx_rate_to_base: "1"
          investment_market_value: "0"
          investment_market_value_base: "0"
          net_contribution: "1000"
          net_contribution_base: "1000"
          performance_eligible_value_base: "1012.5"
          total_value: "1012.5"
          total_value_base: "1012.5"
          value_status: complete
        - basis_status: notApplicable
          book_basis: "1012.5"
          book_basis_base: "1012.5"
          cash_balance: "1012.5"
          cash_balance_base: "1012.5"
          cost_basis: "0"
          cost_basis_base: "0"
          date: 2025-01-06
          external_flow_source: NO_FLOW
          external_inflow_base: "0"
          external_outflow_base: "0"
          fx_rate_to_base: "1"
          investment_market_value: "0"
          investment_market_value_base: "0"
          net_contribution: "1000"
          net_contribution_base: "1000"
          performance_eligible_value_base: "1012.5"
          total_value: "1012.5"
          total_value_base: "1012.5"
          value_status: complete
        - basis_status: notApplicable
          book_basis: "1009.5"
          book_basis_base: "1009.5"
          cash_balance: "1009.5"
          cash_balance_base: "1009.5"
          cost_basis: "0"
          cost_basis_base: "0"
          date: 2025-01-07
          external_flow_source: NO_FLOW
          external_inflow_base: "0"
          external_outflow_base: "0"
          fx_rate_to_base: "1"
          investment_market_value: "0"
          investment_market_value_base: "0"
          net_contribution: "1000"
          net_contribution_base: "1000"
          performance_eligible_value_base: "1009.5"
          total_value: "1009.5"
          total_value_base: "1009.5"
          value_status: complete
        - basis_status: notApplicable
          book_basis: "1009.5"
          book_basis_base: "1009.5"
          cash_balance: "1009.5"
          cash_balance_base: "1009.5"
          cost_basis: "0"
          cost_basis_base: "0"
          date: 2025-01-08
          external_flow_source: NO_FLOW
          external_inflow_base: "0"
          external_outflow_base: "0"
          fx_rate_to_base: "1"
          investment_market_value: "0"
          investment_market_value_base: "0"
          net_contribution: "1000"
          net_contribution_base: "1000"
          performance_eligible_value_base: "1009.5"
          total_value: "1009.5"
          total_value_base: "1009.5"
          value_status: complete
        - basis_status: notApplicable
          book_basis: "1009.5"
          book_basis_base: "1009.5"
          cash_balance: "1009.5"
          cash_balance_base: "1009.5"
          cost_basis: "0"
          cost_basis_base: "0"
          date: 2025-01-09
          external_flow_source: NO_FLOW
          external_inflow_base: "0"
          external_outflow_base: "0"
          fx_rate_to_base: "1"
          investment_market_value: "0"
          investment_market_value_base: "0"
          net_contribution: "1000"
          net_contribution_base: "1000"
          performance_eligible_value_base: "1009.5"
          total_value: "1009.5"
          total_value_base: "1009.5"
          value_status: complete
        - basis_status: notApplicable
          book_basis: "1009.5"
          book_basis_base: "1009.5"
          cash_balance: "1009.5"
          cash_balance_base: "1009.5"
          cost_basis: "0"
          cost_basis_base: "0"
          date: 2025-01-10
          external_flow_source: NO_FLOW
          external_inflow_base: "0"
          external_outflow_base: "0"
          fx_rate_to_base: "1"
          investment_market_value: "0"
          investment_market_value_base: "0"
          net_contribution: "1000"
          net_contribution_base: "1000"
          performance_eligible_value_base: "1009.5"
          total_value: "1009.5"
          total_value_base: "1009.5"
          value_status: complete
  diagnostics: []
  portfolio:
    all_time:
      attribution:
        contributions: "1000"
        distributions: "0"
        fees: "3"
        fx_effect: "0"
        income: "12.5"
        realized_pnl: "0"
        residual: "0"
        taxes: "0"
        unrealized_pnl_change: "0"
      basis_status: notApplicable
      is_holdings_mode: false
      is_mixed_tracking_mode: false
      method: timeWeighted
      period_end: 2025-01-10
      period_start: 2025-01-02
      quality: ok
      returns:
        annualized_irr: "0.5398532"
        annualized_twr: ~
        annualized_value_return: ~
        irr: "0.0095"
        twr: "0.0095"
        value_return: "0.0095"
      risk:
        drawdown_duration_days: 1
        max_drawdown: "-0.00296296"
        peak_date: 2025-01-06
        recovery_date: ~
        trough_date: 2025-01-07
        volatility: "0.08904209"
      series:
        - date: 2025-01-02
          value: "0"
        - date: 2025-01-03
          value: "0"
        - date: 2025-01-04
          value: "0"
        - date: 2025-01-05
          value: "0.0125"
        - date: 2025-01-06
          value: "0.0125"
        - date: 2025-01-07
          value: "0.0095"
        - date: 2025-01-08
          value: "0.0095"
        - date: 2025-01-09
          value: "0.0095"
        - date: 2025-01-10
          value: "0.0095"
      summary:
        amount: "9.5"
        amount_status: complete
        basis: marketValue
        basis_status: notApplicable
        method: timeWeighted
        percent: "0.0095"
        percent_status: complete
        quality: ok
  portfolio_flows: []
scenario: NOM-CASH-02
