---
source: crates/portfolio-engine/tests/goldens.rs
---
as_of: 2025-01-12
base_currency: USD
baseline:
  accounts:
    acc-a:
      currency: USD
      disposals:
        - activity_id: out-1
          asset_id: aapl
          cost_basis: "1005"
          cost_basis_base: "1005"
          currency: USD
          date: 2025-01-08
          fx_rate_to_base: "1"
          id: "out-1:buy-1:0"
          lot_id: buy-1
          proceeds: "1005"
          proceeds_base: "1005"
          quantity: "10"
          realized_pnl: "0"
          realized_pnl_base: "0"
      flows:
        - date: 2025-01-08
          inflow_base: "0"
          outflow_base: "1100"
          source: QUOTE_DERIVED_MARKET_VALUE
      keyframes:
        - cash:
            USD: "2000"
          cash_total_account_currency: "2000"
          cash_total_base_currency: "2000"
          cost_basis: "0"
          date: 2025-01-02
          net_contribution: "2000"
          net_contribution_base: "2000"
          positions: {}
          source: CALCULATED
        - cash:
            USD: "995"
          cash_total_account_currency: "995"
          cash_total_base_currency: "995"
          cost_basis: "1005"
          date: 2025-01-03
          net_contribution: "2000"
          net_contribution_base: "2000"
          positions:
            aapl:
              average_cost: "100.5"
              contract_multiplier: "1"
              cost_basis_account: "1005"
              cost_basis_base: "1005"
              currency: USD
              is_alternative: false
              quantity: "10"
              total_cost_basis: "1005"
          source: CALCULATED
        - cash:
            USD: "995"
          cash_total_account_currency: "995"
          cash_total_base_currency: "995"
          cost_basis: "0"
          date: 2025-01-08
          net_contribution: "995"
          net_contribution_base: "995"
          positions:
            aapl:
              average_cost: "0"
              contract_multiplier: "1"
              cost_basis_account: ~
              cost_basis_base: ~
              currency: USD
              is_alternative: false
              quantity: "0"
              total_cost_basis: "0"
          source: CALCULATED
      lots:
        - asset_id: aapl
          base_currency: USD
          close_activity_id: out-1
          close_date: 2025-01-08
          cost_per_unit: "100"
          currency: USD
          fee_allocated: "5"
          fee_allocated_base: "5"
          fx_rate_to_account: ~
          fx_rate_to_base: "1"
          id: buy-1
          is_closed: true
          open_activity_id: buy-1
          open_date: 2025-01-03
          original_cost_basis: "1005"
          original_cost_basis_base: "1005"
          original_quantity: "10"
          remaining_cost_basis: "0"
          remaining_cost_basis_base: "0"
          remaining_quantity: "0"
          split_ratio: "1"
          tax_allocated: "0"
          tax_allocated_base: "0"
      performance:
        all_time:
          attribution:
            contributions: "2000"
            distributions: "1100"
            fees: "5"
            fx_effect: "0"
            income: "0"
            realized_pnl: "0"
            residual: "0"
            taxes: "0"
            unrealized_pnl_change: "0"
          basis_status: notApplicable
          is_holdings_mode: false
          is_mixed_tracking_mode: false
          method: timeWeighted
          period_end: 2025-01-12
          period_start: 2025-01-02
          quality: partial
          returns:
            annualized_irr: "7.57470393"
            annualized_twr: ~
            annualized_value_return: ~
            irr: "0.0605964"
            twr: "0.0475"
            value_return: "0.0475"
          risk:
            drawdown_duration_days: 6
            max_drawdown: "-0.0025"
            peak_date: 2025-01-02
            recovery_date: 2025-01-08
            trough_date: 2025-01-03
            volatility: "0.29764987"
          series:
            - date: 2025-01-02
              value: "0"
            - date: 2025-01-03
              value: "-0.0025"
            - date: 2025-01-04
              value: "-0.0025"
            - date: 2025-01-05
              value: "-0.0025"
            - date: 2025-01-06
              value: "-0.0025"
            - date: 2025-01-07
              value: "-0.0025"
            - date: 2025-01-08
              value: "0.0475"
            - date: 2025-01-09
              value: "0.0475"
            - date: 2025-01-10
              value: "0.0475"
            - date: 2025-01-11
              value: "0.0475"
            - date: 2025-01-12
              value: "0.0475"
          summary:
            amount: "-5"
            amount_status: complete
            basis: marketValue
            basis_status: notApplicable
            method: timeWeighted
            percent: "0.0475"
            percent_status: complete
            quality: partial
      tracking_mode: TRANSACTIONS
      valuations:
        - basis_status: notApplicable
          book_basis: "2000"
          book_basis_base: "2000"
          cash_balance: "2000"
          cash_balance_base: "2000"
          cost_basis: "0"
          cost_basis_base: "0"
          date: 2025-01-02
          external_flow_source: NO_FLOW
          external_inflow_base: "0"
          external_outflow_base: "0"
          fx_rate_to_base: "1"
          investment_market_value: "0"
          investment_market_value_base: "0"
          net_contribution: "2000"
          net_contribution_base: "2000"
          performance_eligible_value_base: "2000"
          total_value: "2000"
          total_value_base: "2000"
          value_status: complete
        - basis_status: complete
          book_basis: "2000"
          book_basis_base: "2000"
          cash_balance: "995"
          cash_balance_base: "995"
          cost_basis: "1005"
          cost_basis_base: "1005"
          date: 2025-01-03
          external_flow_source: NO_FLOW
          external_inflow_base: "0"
          external_outflow_base: "0"
          fx_rate_to_base: "1"
          investment_market_value: "1000"
          investment_market_value_base: "1000"
          net_contribution: "2000"
          net_contribution_base: "2000"
          performance_eligible_value_base: "1995"
          total_value: "1995"
          total_value_base: "1995"
          value_status: complete
        - basis_status: complete
          book_basis: "2000"
          book_basis_base: "2000"
          cash_balance: "995"
          cash_balance_base: "995"
          cost_basis: "1005"
          cost_basis_base: "1005"
          date: 2025-01-04
          external_flow_source: NO_FLOW
          external_inflow_base: "0"
          external_outflow_base: "0"
          fx_rate_to_base: "1"
          investment_market_value: "1000"
          investment_market_value_base: "1000"
          net_contribution: "2000"
          net_contribution_base: "2000"
          performance_eligible_value_base: "1995"
          total_value: "1995"
          total_value_base: "1995"
          value_status: complete
        - basis_status: complete
          book_basis: "2000"
          book_basis_base: "2000"
          cash_balance: "995"
          cash_balance_base: "995"
          cost_basis: "1005"
          cost_basis_base: "1005"
          date: 2025-01-05
          external_flow_source: NO_FLOW
          external_inflow_base: "0"
          external_outflow_base: "0"
          fx_rate_to_base: "1"
          investment_market_value: "1000"
          investment_market_value_base: "1000"
          net_contribution: "2000"
          net_contribution_base: "2000"
          performance_eligible_value_base: "1995"
          total_value: "1995"
          total_value_base: "1995"
          value_status: complete
        - basis_status: complete
          book_basis: "2000"
          book_basis_base: "2000"
          cash_balance: "995"
          cash_balance_base: "995"
          cost_basis: "1005"
          cost_basis_base: "1005"
          date: 2025-01-06
          external_flow_source: NO_FLOW
          external_inflow_base: "0"
          external_outflow_base: "0"
          fx_rate_to_base: "1"
          investment_market_value: "1000"
          investment_market_value_base: "1000"
          net_contribution: "2000"
          net_contribution_base: "2000"
          performance_eligible_value_base: "1995"
          total_value: "1995"
          total_value_base: "1995"
          value_status: complete
        - basis_status: complete
          book_basis: "2000"
          book_basis_base: "2000"
          cash_balance: "995"
          cash_balance_base: "995"
          cost_basis: "1005"
          cost_basis_base: "1005"
          date: 2025-01-07
          external_flow_source: NO_FLOW
          external_inflow_base: "0"
          external_outflow_base: "0"
          fx_rate_to_base: "1"
          investment_market_value: "1000"
          investment_market_value_base: "1000"
          net_contribution: "2000"
          net_contribution_base: "2000"
          performance_eligible_value_base: "1995"
          total_value: "1995"
          total_value_base: "1995"
          value_status: complete
        - basis_status: notApplicable
          book_basis: "995"
          book_basis_base: "995"
          cash_balance: "995"
          cash_balance_base: "995"
          cost_basis: "0"
          cost_basis_base: "0"
          date: 2025-01-08
          external_flow_source: QUOTE_DERIVED_MARKET_VALUE
          external_inflow_base: "0"
          external_outflow_base: "1100"
          fx_rate_to_base: "1"
          investment_market_value: "0"
          investment_market_value_base: "0"
          net_contribution: "995"
          net_contribution_base: "995"
          performance_eligible_value_base: "995"
          total_value: "995"
          total_value_base: "995"
          value_status: complete
        - basis_status: notApplicable
          book_basis: "995"
          book_basis_base: "995"
          cash_balance: "995"
          cash_balance_base: "995"
          cost_basis: "0"
          cost_basis_base: "0"
          date: 2025-01-09
          external_flow_source: NO_FLOW
          external_inflow_base: "0"
          external_outflow_base: "0"
          fx_rate_to_base: "1"
          investment_market_value: "0"
          investment_market_value_base: "0"
          net_contribution: "995"
          net_contribution_base: "995"
          performance_eligible_value_base: "995"
          total_value: "995"
          total_value_base: "995"
          value_status: complete
        - basis_status: notApplicable
          book_basis: "995"
          book_basis_base: "995"
          cash_balance: "995"
          cash_balance_base: "995"
          cost_basis: "0"
          cost_basis_base: "0"
          date: 2025-01-10
          external_flow_source: NO_FLOW
          external_inflow_base: "0"
          external_outflow_base: "0"
          fx_rate_to_base: "1"
          investment_market_value: "0"
          investment_market_value_base: "0"
          net_contribution: "995"
          net_contribution_base: "995"
          performance_eligible_value_base: "995"
          total_value: "995"
          total_value_base: "995"
          value_status: complete
        - basis_status: notApplicable
          book_basis: "995"
          book_basis_base: "995"
          cash_balance: "995"
          cash_balance_base: "995"
          cost_basis: "0"
          cost_basis_base: "0"
          date: 2025-01-11
          external_flow_source: NO_FLOW
          external_inflow_base: "0"
          external_outflow_base: "0"
          fx_rate_to_base: "1"
          investment_market_value: "0"
          investment_market_value_base: "0"
          net_contribution: "995"
          net_contribution_base: "995"
          performance_eligible_value_base: "995"
          total_value: "995"
          total_value_base: "995"
          value_status: complete
        - basis_status: notApplicable
          book_basis: "995"
          book_basis_base: "995"
          cash_balance: "995"
          cash_balance_base: "995"
          cost_basis: "0"
          cost_basis_base: "0"
          date: 2025-01-12
          external_flow_source: NO_FLOW
          external_inflow_base: "0"
          external_outflow_base: "0"
          fx_rate_to_base: "1"
          investment_market_value: "0"
          investment_market_value_base: "0"
          net_contribution: "995"
          net_contribution_base: "995"
          performance_eligible_value_base: "995"
          total_value: "995"
          total_value_base: "995"
          value_status: complete
    acc-b:
      currency: USD
      disposals: []
      flows:
        - date: 2025-01-08
          inflow_base: "1100"
          outflow_base: "0"
          source: QUOTE_DERIVED_MARKET_VALUE
      keyframes:
        - cash:
            USD: "100"
          cash_total_account_currency: "100"
          cash_total_base_currency: "100"
          cost_basis: "0"
          date: 2025-01-02
          net_contribution: "100"
          net_contribution_base: "100"
          positions: {}
          source: CALCULATED
        - cash:
            USD: "100"
          cash_total_account_currency: "100"
          cash_total_base_currency: "100"
          cost_basis: "1005"
          date: 2025-01-08
          net_contribution: "1105"
          net_contribution_base: "1105"
          positions:
            aapl:
              average_cost: "100.5"
              contract_multiplier: "1"
              cost_basis_account: "1005"
              cost_basis_base: "1005"
              currency: USD
              is_alternative: false
              quantity: "10"
              total_cost_basis: "1005"
          source: CALCULATED
      lots:
        - asset_id: aapl
          base_currency: USD
          close_activity_id: ~
          close_date: ~
          cost_per_unit: "100"
          currency: USD
          fee_allocated: "5"
          fee_allocated_base: "5"
          fx_rate_to_account: "1"
          fx_rate_to_base: "1"
          id: in-1
          is_closed: false
          open_activity_id: in-1
          open_date: 2025-01-03
          original_cost_basis: "1005"
          original_cost_basis_base: "1005"
          original_quantity: "10"
          remaining_cost_basis: "1005"
          remaining_cost_basis_base: "1005"
          remaining_quantity: "10"
          split_ratio: "1"
          tax_allocated: "0"
          tax_allocated_base: "0"
      performance:
        all_time:
          attribution:
            contributions: "1200"
            distributions: "0"
            fees: "0"
            fx_effect: "0"
            income: "0"
            realized_pnl: "0"
            residual: "0"
            taxes: "0"
            unrealized_pnl_change: "145"
          basis_status: notApplicable
          is_holdings_mode: false
          is_mixed_tracking_mode: false
          method: timeWeighted
          period_end: 2025-01-12
          period_start: 2025-01-02
          quality: partial
          returns:
            annualized_irr: "26.22439336"
            annualized_twr: ~
            annualized_value_return: ~
            irr: "0.09467957"
            twr: "0.04166667"
            value_return: "0.5"
          risk:
            drawdown_duration_days: 1
            max_drawdown: "0"
            peak_date: 2025-01-02
            recovery_date: ~
            trough_date: 2025-01-03
            volatility: "0.24671147"
          series:
            - date: 2025-01-02
              value: "0"
            - date: 2025-01-03
              value: "0"
            - date: 2025-01-04
              value: "0"
            - date: 2025-01-05
              value: "0"
            - date: 2025-01-06
              value: "0"
            - date: 2025-01-07
              value: "0"
            - date: 2025-01-08
              value: "0"
            - date: 2025-01-09
              value: "0"
            - date: 2025-01-10
              value: "0"
            - date: 2025-01-11
              value: "0"
            - date: 2025-01-12
              value: "0.04166667"
          summary:
            amount: "145"
            amount_status: complete
            basis: marketValue
            basis_status: notApplicable
            method: timeWeighted
            percent: "0.04166667"
            percent_status: complete
            quality: partial
      tracking_mode: TRANSACTIONS
      valuations:
        - basis_status: notApplicable
          book_basis: "100"
          book_basis_base: "100"
          cash_balance: "100"
          cash_balance_base: "100"
          cost_basis: "0"
          cost_basis_base: "0"
          date: 2025-01-02
          external_flow_source: NO_FLOW
          external_inflow_base: "0"
          external_outflow_base: "0"
          fx_rate_to_base: "1"
          investment_market_value: "0"
          investment_market_value_base: "0"
          net_contribution: "100"
          net_contribution_base: "100"
          performance_eligible_value_base: "100"
          total_value: "100"
          total_value_base: "100"
          value_status: complete
        - basis_status: notApplicable
          book_basis: "100"
          book_basis_base: "100"
          cash_balance: "100"
          cash_balance_base: "100"
          cost_basis: "0"
          cost_basis_base: "0"
          date: 2025-01-03
          external_flow_source: NO_FLOW
          external_inflow_base: "0"
          external_outflow_base: "0"
          fx_rate_to_base: "1"
          investment_market_value: "0"
          investment_market_value_base: "0"
          net_contribution: "100"
          net_contribution_base: "100"
          performance_eligible_value_base: "100"
          total_value: "100"
          total_value_base: "100"
          value_status: complete
        - basis_status: notApplicable
          book_basis: "100"
          book_basis_base: "100"
          cash_balance: "100"
          cash_balance_base: "100"
          cost_basis: "0"
          cost_basis_base: "0"
          date: 2025-01-04
          external_flow_source: NO_FLOW
          external_inflow_base: "0"
          external_outflow_base: "0"
          fx_rate_to_base: "1"
          investment_market_value: "0"
          investment_market_value_base: "0"
          net_contribution: "100"
          net_contribution_base: "100"
          performance_eligible_value_base: "100"
          total_value: "100"
          total_value_base: "100"
          value_status: complete
        - basis_status: notApplicable
          book_basis: "100"
          book_basis_base: "100"
          cash_balance: "100"
          cash_balance_base: "100"
          cost_basis: "0"
          cost_basis_base: "0"
          date: 2025-01-05
          external_flow_source: NO_FLOW
          external_inflow_base: "0"
          external_outflow_base: "0"
          fx_rate_to_base: "1"
          investment_market_value: "0"
          investment_market_value_base: "0"
          net_contribution: "100"
          net_contribution_base: "100"
          performance_eligible_value_base: "100"
          total_value: "100"
          total_value_base: "100"
          value_status: complete
        - basis_status: notApplicable
          book_basis: "100"
          book_basis_base: "100"
          cash_balance: "100"
          cash_balance_base: "100"
          cost_basis: "0"
          cost_basis_base: "0"
          date: 2025-01-06
          external_flow_source: NO_FLOW
          external_inflow_base: "0"
          external_outflow_base: "0"
          fx_rate_to_base: "1"
          investment_market_value: "0"
          investment_market_value_base: "0"
          net_contribution: "100"
          net_contribution_base: "100"
          performance_eligible_value_base: "100"
          total_value: "100"
          total_value_base: "100"
          value_status: complete
        - basis_status: notApplicable
          book_basis: "100"
          book_basis_base: "100"
          cash_balance: "100"
          cash_balance_base: "100"
          cost_basis: "0"
          cost_basis_base: "0"
          date: 2025-01-07
          external_flow_source: NO_FLOW
          external_inflow_base: "0"
          external_outflow_base: "0"
          fx_rate_to_base: "1"
          investment_market_value: "0"
          investment_market_value_base: "0"
          net_contribution: "100"
          net_contribution_base: "100"
          performance_eligible_value_base: "100"
          total_value: "100"
          total_value_base: "100"
          value_status: complete
        - basis_status: complete
          book_basis: "1105"
          book_basis_base: "1105"
          cash_balance: "100"
          cash_balance_base: "100"
          cost_basis: "1005"
          cost_basis_base: "1005"
          date: 2025-01-08
          external_flow_source: QUOTE_DERIVED_MARKET_VALUE
          external_inflow_base: "1100"
          external_outflow_base: "0"
          fx_rate_to_base: "1"
          investment_market_value: "1100"
          investment_market_value_base: "1100"
          net_contribution: "1105"
          net_contribution_base: "1105"
          performance_eligible_value_base: "1200"
          total_value: "1200"
          total_value_base: "1200"
          value_status: complete
        - basis_status: complete
          book_basis: "1105"
          book_basis_base: "1105"
          cash_balance: "100"
          cash_balance_base: "100"
          cost_basis: "1005"
          cost_basis_base: "1005"
          date: 2025-01-09
          external_flow_source: NO_FLOW
          external_inflow_base: "0"
          external_outflow_base: "0"
          fx_rate_to_base: "1"
          investment_market_value: "1100"
          investment_market_value_base: "1100"
          net_contribution: "1105"
          net_contribution_base: "1105"
          performance_eligible_value_base: "1200"
          total_value: "1200"
          total_value_base: "1200"
          value_status: complete
        - basis_status: complete
          book_basis: "1105"
          book_basis_base: "1105"
          cash_balance: "100"
          cash_balance_base: "100"
          cost_basis: "1005"
          cost_basis_base: "1005"
          date: 2025-01-10
          external_flow_source: NO_FLOW
          external_inflow_base: "0"
          external_outflow_base: "0"
          fx_rate_to_base: "1"
          investment_market_value: "1100"
          investment_market_value_base: "1100"
          net_contribution: "1105"
          net_contribution_base: "1105"
          performance_eligible_value_base: "1200"
          total_value: "1200"
          total_value_base: "1200"
          value_status: complete
        - basis_status: complete
          book_basis: "1105"
          book_basis_base: "1105"
          cash_balance: "100"
          cash_balance_base: "100"
          cost_basis: "1005"
          cost_basis_base: "1005"
          date: 2025-01-11
          external_flow_source: NO_FLOW
          external_inflow_base: "0"
          external_outflow_base: "0"
          fx_rate_to_base: "1"
          investment_market_value: "1100"
          investment_market_value_base: "1100"
          net_contribution: "1105"
          net_contribution_base: "1105"
          performance_eligible_value_base: "1200"
          total_value: "1200"
          total_value_base: "1200"
          value_status: complete
        - basis_status: complete
          book_basis: "1105"
          book_basis_base: "1105"
          cash_balance: "100"
          cash_balance_base: "100"
          cost_basis: "1005"
          cost_basis_base: "1005"
          date: 2025-01-12
          external_flow_source: NO_FLOW
          external_inflow_base: "0"
          external_outflow_base: "0"
          fx_rate_to_base: "1"
          investment_market_value: "1150"
          investment_market_value_base: "1150"
          net_contribution: "1105"
          net_contribution_base: "1105"
          performance_eligible_value_base: "1250"
          total_value: "1250"
          total_value_base: "1250"
          value_status: complete
  diagnostics: []
  portfolio:
    all_time:
      attribution:
        contributions: "2100"
        distributions: "0"
        fees: "5"
        fx_effect: "0"
        income: "0"
        realized_pnl: "0"
        residual: "0"
        taxes: "0"
        unrealized_pnl_change: "145"
      basis_status: notApplicable
      is_holdings_mode: false
      is_mixed_tracking_mode: false
      method: timeWeighted
      period_end: 2025-01-12
      period_start: 2025-01-02
      quality: partial
      returns:
        annualized_irr: "10.45822307"
        annualized_twr: ~
        annualized_value_return: ~
        irr: "0.06904762"
        twr: "0.06904762"
        value_return: "0.06904762"
      risk:
        drawdown_duration_days: 6
        max_drawdown: "-0.00238095"
        peak_date: 2025-01-02
        recovery_date: 2025-01-08
        trough_date: 2025-01-03
        volatility: "0.30160199"
      series:
        - date: 2025-01-02
          value: "0"
        - date: 2025-01-03
          value: "-0.00238095"
        - date: 2025-01-04
          value: "-0.00238095"
        - date: 2025-01-05
          value: "-0.00238095"
        - date: 2025-01-06
          value: "-0.00238095"
        - date: 2025-01-07
          value: "-0.00238095"
        - date: 2025-01-08
          value: "0.0452381"
        - date: 2025-01-09
          value: "0.0452381"
        - date: 2025-01-10
          value: "0.0452381"
        - date: 2025-01-11
          value: "0.0452381"
        - date: 2025-01-12
          value: "0.06904762"
      summary:
        amount: "140"
        amount_status: complete
        basis: marketValue
        basis_status: notApplicable
        method: timeWeighted
        percent: "0.06904762"
        percent_status: complete
        quality: partial
  portfolio_flows:
    - date: 2025-01-08
      inflow_base: "0"
      outflow_base: "0"
      source: MIXED
scenario: NOM-TXF-02
