---
source: crates/portfolio-engine/tests/goldens.rs
---
as_of: 2025-01-12
base_currency: USD
baseline:
  accounts:
    acc-1:
      currency: USD
      disposals:
        - activity_id: cover-1
          asset_id: aapl
          cost_basis: "-198"
          cost_basis_base: "-198"
          currency: USD
          date: 2025-01-07
          fx_rate_to_base: "1"
          id: "cover-1:short-1:0"
          lot_id: short-1
          proceeds: "-182"
          proceeds_base: "-182"
          quantity: "-4"
          realized_pnl: "16"
          realized_pnl_base: "16"
      flows: []
      keyframes:
        - cash:
            USD: "2000"
          cash_total_account_currency: "2000"
          cash_total_base_currency: "2000"
          cost_basis: "0"
          date: 2025-01-02
          net_contribution: "2000"
          net_contribution_base: "2000"
          positions: {}
          source: CALCULATED
        - cash:
            USD: "2495"
          cash_total_account_currency: "2495"
          cash_total_base_currency: "2495"
          cost_basis: "-495"
          date: 2025-01-03
          net_contribution: "2000"
          net_contribution_base: "2000"
          positions:
            aapl:
              average_cost: "49.5"
              contract_multiplier: "1"
              cost_basis_account: "-495"
              cost_basis_base: "-495"
              currency: USD
              is_alternative: false
              quantity: "-10"
              total_cost_basis: "-495"
          source: CALCULATED
        - cash:
            USD: "2313"
          cash_total_account_currency: "2313"
          cash_total_base_currency: "2313"
          cost_basis: "-297"
          date: 2025-01-07
          net_contribution: "2000"
          net_contribution_base: "2000"
          positions:
            aapl:
              average_cost: "49.5"
              contract_multiplier: "1"
              cost_basis_account: "-297"
              cost_basis_base: "-297"
              currency: USD
              is_alternative: false
              quantity: "-6"
              total_cost_basis: "-297"
          source: CALCULATED
        - cash:
            USD: "2313"
          cash_total_account_currency: "2313"
          cash_total_base_currency: "2313"
          cost_basis: "-297"
          date: 2025-01-09
          net_contribution: "2000"
          net_contribution_base: "2000"
          positions:
            aapl:
              average_cost: "49.5"
              contract_multiplier: "1"
              cost_basis_account: "-297"
              cost_basis_base: "-297"
              currency: USD
              is_alternative: false
              quantity: "-6"
              total_cost_basis: "-297"
          source: CALCULATED
      lots:
        - asset_id: aapl
          base_currency: USD
          close_activity_id: ~
          close_date: ~
          cost_per_unit: "50"
          currency: USD
          fee_allocated: "5"
          fee_allocated_base: "5"
          fx_rate_to_account: "1"
          fx_rate_to_base: "1"
          id: short-1
          is_closed: false
          open_activity_id: short-1
          open_date: 2025-01-03
          original_cost_basis: "-495"
          original_cost_basis_base: "-495"
          original_quantity: "-10"
          remaining_cost_basis: "-297"
          remaining_cost_basis_base: "-297"
          remaining_quantity: "-6"
          split_ratio: "1"
          tax_allocated: "0"
          tax_allocated_base: "0"
      performance:
        all_time:
          attribution:
            contributions: "2000"
            distributions: "0"
            fees: "9"
            fx_effect: "0"
            income: "0"
            realized_pnl: "20"
            residual: "0"
            taxes: "0"
            unrealized_pnl_change: "24"
          basis_status: notApplicable
          is_holdings_mode: false
          is_mixed_tracking_mode: false
          method: timeWeighted
          period_end: 2025-01-12
          period_start: 2025-01-02
          quality: ok
          returns:
            annualized_irr: "0.95333505"
            annualized_twr: ~
            annualized_value_return: ~
            irr: "0.0185"
            twr: "0.0185"
            value_return: "0.0185"
          risk:
            drawdown_duration_days: 1
            max_drawdown: "-0.00585652"
            peak_date: 2025-01-11
            recovery_date: ~
            trough_date: 2025-01-12
            volatility: "0.15355786"
          series:
            - date: 2025-01-02
              value: "0"
            - date: 2025-01-03
              value: "-0.0025"
            - date: 2025-01-04
              value: "-0.0025"
            - date: 2025-01-05
              value: "-0.0025"
            - date: 2025-01-06
              value: "-0.0025"
            - date: 2025-01-07
              value: "0.0215"
            - date: 2025-01-08
              value: "0.0215"
            - date: 2025-01-09
              value: "0.0245"
            - date: 2025-01-10
              value: "0.0245"
            - date: 2025-01-11
              value: "0.0245"
            - date: 2025-01-12
              value: "0.0185"
          summary:
            amount: "35"
            amount_status: complete
            basis: marketValue
            basis_status: notApplicable
            method: timeWeighted
            percent: "0.0185"
            percent_status: complete
            quality: ok
      tracking_mode: TRANSACTIONS
      valuations:
        - basis_status: notApplicable
          book_basis: "2000"
          book_basis_base: "2000"
          cash_balance: "2000"
          cash_balance_base: "2000"
          cost_basis: "0"
          cost_basis_base: "0"
          date: 2025-01-02
          external_flow_source: NO_FLOW
          external_inflow_base: "0"
          external_outflow_base: "0"
          fx_rate_to_base: "1"
          investment_market_value: "0"
          investment_market_value_base: "0"
          net_contribution: "2000"
          net_contribution_base: "2000"
          performance_eligible_value_base: "2000"
          total_value: "2000"
          total_value_base: "2000"
          value_status: complete
        - basis_status: complete
          book_basis: "2000"
          book_basis_base: "2000"
          cash_balance: "2495"
          cash_balance_base: "2495"
          cost_basis: "-495"
          cost_basis_base: "-495"
          date: 2025-01-03
          external_flow_source: NO_FLOW
          external_inflow_base: "0"
          external_outflow_base: "0"
          fx_rate_to_base: "1"
          investment_market_value: "-500"
          investment_market_value_base: "-500"
          net_contribution: "2000"
          net_contribution_base: "2000"
          performance_eligible_value_base: "1995"
          total_value: "1995"
          total_value_base: "1995"
          value_status: complete
        - basis_status: complete
          book_basis: "2000"
          book_basis_base: "2000"
          cash_balance: "2495"
          cash_balance_base: "2495"
          cost_basis: "-495"
          cost_basis_base: "-495"
          date: 2025-01-04
          external_flow_source: NO_FLOW
          external_inflow_base: "0"
          external_outflow_base: "0"
          fx_rate_to_base: "1"
          investment_market_value: "-500"
          investment_market_value_base: "-500"
          net_contribution: "2000"
          net_contribution_base: "2000"
          performance_eligible_value_base: "1995"
          total_value: "1995"
          total_value_base: "1995"
          value_status: complete
        - basis_status: complete
          book_basis: "2000"
          book_basis_base: "2000"
          cash_balance: "2495"
          cash_balance_base: "2495"
          cost_basis: "-495"
          cost_basis_base: "-495"
          date: 2025-01-05
          external_flow_source: NO_FLOW
          external_inflow_base: "0"
          external_outflow_base: "0"
          fx_rate_to_base: "1"
          investment_market_value: "-500"
          investment_market_value_base: "-500"
          net_contribution: "2000"
          net_contribution_base: "2000"
          performance_eligible_value_base: "1995"
          total_value: "1995"
          total_value_base: "1995"
          value_status: complete
        - basis_status: complete
          book_basis: "2000"
          book_basis_base: "2000"
          cash_balance: "2495"
          cash_balance_base: "2495"
          cost_basis: "-495"
          cost_basis_base: "-495"
          date: 2025-01-06
          external_flow_source: NO_FLOW
          external_inflow_base: "0"
          external_outflow_base: "0"
          fx_rate_to_base: "1"
          investment_market_value: "-500"
          investment_market_value_base: "-500"
          net_contribution: "2000"
          net_contribution_base: "2000"
          performance_eligible_value_base: "1995"
          total_value: "1995"
          total_value_base: "1995"
          value_status: complete
        - basis_status: complete
          book_basis: "2016"
          book_basis_base: "2016"
          cash_balance: "2313"
          cash_balance_base: "2313"
          cost_basis: "-297"
          cost_basis_base: "-297"
          date: 2025-01-07
          external_flow_source: NO_FLOW
          external_inflow_base: "0"
          external_outflow_base: "0"
          fx_rate_to_base: "1"
          investment_market_value: "-270"
          investment_market_value_base: "-270"
          net_contribution: "2000"
          net_contribution_base: "2000"
          performance_eligible_value_base: "2043"
          total_value: "2043"
          total_value_base: "2043"
          value_status: complete
        - basis_status: complete
          book_basis: "2016"
          book_basis_base: "2016"
          cash_balance: "2313"
          cash_balance_base: "2313"
          cost_basis: "-297"
          cost_basis_base: "-297"
          date: 2025-01-08
          external_flow_source: NO_FLOW
          external_inflow_base: "0"
          external_outflow_base: "0"
          fx_rate_to_base: "1"
          investment_market_value: "-270"
          investment_market_value_base: "-270"
          net_contribution: "2000"
          net_contribution_base: "2000"
          performance_eligible_value_base: "2043"
          total_value: "2043"
          total_value_base: "2043"
          value_status: complete
        - basis_status: complete
          book_basis: "2016"
          book_basis_base: "2016"
          cash_balance: "2313"
          cash_balance_base: "2313"
          cost_basis: "-297"
          cost_basis_base: "-297"
          date: 2025-01-09
          external_flow_source: NO_FLOW
          external_inflow_base: "0"
          external_outflow_base: "0"
          fx_rate_to_base: "1"
          investment_market_value: "-264"
          investment_market_value_base: "-264"
          net_contribution: "2000"
          net_contribution_base: "2000"
          performance_eligible_value_base: "2049"
          total_value: "2049"
          total_value_base: "2049"
          value_status: complete
        - basis_status: complete
          book_basis: "2016"
          book_basis_base: "2016"
          cash_balance: "2313"
          cash_balance_base: "2313"
          cost_basis: "-297"
          cost_basis_base: "-297"
          date: 2025-01-10
          external_flow_source: NO_FLOW
          external_inflow_base: "0"
          external_outflow_base: "0"
          fx_rate_to_base: "1"
          investment_market_value: "-264"
          investment_market_value_base: "-264"
          net_contribution: "2000"
          net_contribution_base: "2000"
          performance_eligible_value_base: "2049"
          total_value: "2049"
          total_value_base: "2049"
          value_status: complete
        - basis_status: complete
          book_basis: "2016"
          book_basis_base: "2016"
          cash_balance: "2313"
          cash_balance_base: "2313"
          cost_basis: "-297"
          cost_basis_base: "-297"
          date: 2025-01-11
          external_flow_source: NO_FLOW
          external_inflow_base: "0"
          external_outflow_base: "0"
          fx_rate_to_base: "1"
          investment_market_value: "-264"
          investment_market_value_base: "-264"
          net_contribution: "2000"
          net_contribution_base: "2000"
          performance_eligible_value_base: "2049"
          total_value: "2049"
          total_value_base: "2049"
          value_status: complete
        - basis_status: complete
          book_basis: "2016"
          book_basis_base: "2016"
          cash_balance: "2313"
          cash_balance_base: "2313"
          cost_basis: "-297"
          cost_basis_base: "-297"
          date: 2025-01-12
          external_flow_source: NO_FLOW
          external_inflow_base: "0"
          external_outflow_base: "0"
          fx_rate_to_base: "1"
          investment_market_value: "-276"
          investment_market_value_base: "-276"
          net_contribution: "2000"
          net_contribution_base: "2000"
          performance_eligible_value_base: "2037"
          total_value: "2037"
          total_value_base: "2037"
          value_status: complete
  diagnostics:
    - "project/excess-1: Error ActivityRejected: BUY excess-1 is marked POSITION_CLOSE for 10 units of aapl but only 6 are short"
  portfolio:
    all_time:
      attribution:
        contributions: "2000"
        distributions: "0"
        fees: "9"
        fx_effect: "0"
        income: "0"
        realized_pnl: "20"
        residual: "0"
        taxes: "0"
        unrealized_pnl_change: "24"
      basis_status: notApplicable
      is_holdings_mode: false
      is_mixed_tracking_mode: false
      method: timeWeighted
      period_end: 2025-01-12
      period_start: 2025-01-02
      quality: ok
      returns:
        annualized_irr: "0.95333505"
        annualized_twr: ~
        annualized_value_return: ~
        irr: "0.0185"
        twr: "0.0185"
        value_return: "0.0185"
      risk:
        drawdown_duration_days: 1
        max_drawdown: "-0.00585652"
        peak_date: 2025-01-11
        recovery_date: ~
        trough_date: 2025-01-12
        volatility: "0.15355786"
      series:
        - date: 2025-01-02
          value: "0"
        - date: 2025-01-03
          value: "-0.0025"
        - date: 2025-01-04
          value: "-0.0025"
        - date: 2025-01-05
          value: "-0.0025"
        - date: 2025-01-06
          value: "-0.0025"
        - date: 2025-01-07
          value: "0.0215"
        - date: 2025-01-08
          value: "0.0215"
        - date: 2025-01-09
          value: "0.0245"
        - date: 2025-01-10
          value: "0.0245"
        - date: 2025-01-11
          value: "0.0245"
        - date: 2025-01-12
          value: "0.0185"
      summary:
        amount: "35"
        amount_status: complete
        basis: marketValue
        basis_status: notApplicable
        method: timeWeighted
        percent: "0.0185"
        percent_status: complete
        quality: ok
  portfolio_flows: []
scenario: NOM-SHORT-01
