---
source: crates/portfolio-engine/tests/goldens.rs
---
as_of: 2025-01-08
base_currency: USD
baseline:
  accounts:
    acc-a:
      currency: USD
      disposals: []
      flows:
        - date: 2025-01-04
          inflow_base: "0"
          outflow_base: "400"
          source: CASH_AMOUNT
        - date: 2025-01-06
          inflow_base: "0"
          outflow_base: "100"
          source: CASH_AMOUNT
      keyframes:
        - cash:
            USD: "1000"
          cash_total_account_currency: "1000"
          cash_total_base_currency: "1000"
          cost_basis: "0"
          date: 2025-01-02
          net_contribution: "1000"
          net_contribution_base: "1000"
          positions: {}
          source: CALCULATED
        - cash:
            USD: "600"
          cash_total_account_currency: "600"
          cash_total_base_currency: "600"
          cost_basis: "0"
          date: 2025-01-04
          net_contribution: "600"
          net_contribution_base: "600"
          positions: {}
          source: CALCULATED
        - cash:
            USD: "500"
          cash_total_account_currency: "500"
          cash_total_base_currency: "500"
          cost_basis: "0"
          date: 2025-01-06
          net_contribution: "500"
          net_contribution_base: "500"
          positions: {}
          source: CALCULATED
      lots: []
      performance:
        acc_a_only:
          attribution:
            contributions: "1000"
            distributions: "500"
            fees: "0"
            fx_effect: "0"
            income: "0"
            realized_pnl: "0"
            residual: "0"
            taxes: "0"
            unrealized_pnl_change: "0"
          basis_status: notApplicable
          is_holdings_mode: false
          is_mixed_tracking_mode: false
          method: timeWeighted
          period_end: 2025-01-08
          period_start: 2025-01-02
          quality: ok
          returns:
            annualized_irr: "0"
            annualized_twr: ~
            annualized_value_return: ~
            irr: "0"
            twr: "0"
            value_return: "0"
          risk:
            drawdown_duration_days: 1
            max_drawdown: "0"
            peak_date: 2025-01-02
            recovery_date: ~
            trough_date: 2025-01-03
            volatility: "0"
          series:
            - date: 2025-01-02
              value: "0"
            - date: 2025-01-03
              value: "0"
            - date: 2025-01-04
              value: "0"
            - date: 2025-01-05
              value: "0"
            - date: 2025-01-06
              value: "0"
            - date: 2025-01-07
              value: "0"
            - date: 2025-01-08
              value: "0"
          summary:
            amount: "0"
            amount_status: complete
            basis: marketValue
            basis_status: notApplicable
            method: timeWeighted
            percent: "0"
            percent_status: complete
            quality: ok
        all_time:
          attribution:
            contributions: "1000"
            distributions: "500"
            fees: "0"
            fx_effect: "0"
            income: "0"
            realized_pnl: "0"
            residual: "0"
            taxes: "0"
            unrealized_pnl_change: "0"
          basis_status: notApplicable
          is_holdings_mode: false
          is_mixed_tracking_mode: false
          method: timeWeighted
          period_end: 2025-01-08
          period_start: 2025-01-02
          quality: ok
          returns:
            annualized_irr: "0"
            annualized_twr: ~
            annualized_value_return: ~
            irr: "0"
            twr: "0"
            value_return: "0"
          risk:
            drawdown_duration_days: 1
            max_drawdown: "0"
            peak_date: 2025-01-02
            recovery_date: ~
            trough_date: 2025-01-03
            volatility: "0"
          series:
            - date: 2025-01-02
              value: "0"
            - date: 2025-01-03
              value: "0"
            - date: 2025-01-04
              value: "0"
            - date: 2025-01-05
              value: "0"
            - date: 2025-01-06
              value: "0"
            - date: 2025-01-07
              value: "0"
            - date: 2025-01-08
              value: "0"
          summary:
            amount: "0"
            amount_status: complete
            basis: marketValue
            basis_status: notApplicable
            method: timeWeighted
            percent: "0"
            percent_status: complete
            quality: ok
      tracking_mode: TRANSACTIONS
      valuations:
        - basis_status: notApplicable
          book_basis: "1000"
          book_basis_base: "1000"
          cash_balance: "1000"
          cash_balance_base: "1000"
          cost_basis: "0"
          cost_basis_base: "0"
          date: 2025-01-02
          external_flow_source: NO_FLOW
          external_inflow_base: "0"
          external_outflow_base: "0"
          fx_rate_to_base: "1"
          investment_market_value: "0"
          investment_market_value_base: "0"
          net_contribution: "1000"
          net_contribution_base: "1000"
          performance_eligible_value_base: "1000"
          total_value: "1000"
          total_value_base: "1000"
          value_status: complete
        - basis_status: notApplicable
          book_basis: "1000"
          book_basis_base: "1000"
          cash_balance: "1000"
          cash_balance_base: "1000"
          cost_basis: "0"
          cost_basis_base: "0"
          date: 2025-01-03
          external_flow_source: NO_FLOW
          external_inflow_base: "0"
          external_outflow_base: "0"
          fx_rate_to_base: "1"
          investment_market_value: "0"
          investment_market_value_base: "0"
          net_contribution: "1000"
          net_contribution_base: "1000"
          performance_eligible_value_base: "1000"
          total_value: "1000"
          total_value_base: "1000"
          value_status: complete
        - basis_status: notApplicable
          book_basis: "600"
          book_basis_base: "600"
          cash_balance: "600"
          cash_balance_base: "600"
          cost_basis: "0"
          cost_basis_base: "0"
          date: 2025-01-04
          external_flow_source: CASH_AMOUNT
          external_inflow_base: "0"
          external_outflow_base: "400"
          fx_rate_to_base: "1"
          investment_market_value: "0"
          investment_market_value_base: "0"
          net_contribution: "600"
          net_contribution_base: "600"
          performance_eligible_value_base: "600"
          total_value: "600"
          total_value_base: "600"
          value_status: complete
        - basis_status: notApplicable
          book_basis: "600"
          book_basis_base: "600"
          cash_balance: "600"
          cash_balance_base: "600"
          cost_basis: "0"
          cost_basis_base: "0"
          date: 2025-01-05
          external_flow_source: NO_FLOW
          external_inflow_base: "0"
          external_outflow_base: "0"
          fx_rate_to_base: "1"
          investment_market_value: "0"
          investment_market_value_base: "0"
          net_contribution: "600"
          net_contribution_base: "600"
          performance_eligible_value_base: "600"
          total_value: "600"
          total_value_base: "600"
          value_status: complete
        - basis_status: notApplicable
          book_basis: "500"
          book_basis_base: "500"
          cash_balance: "500"
          cash_balance_base: "500"
          cost_basis: "0"
          cost_basis_base: "0"
          date: 2025-01-06
          external_flow_source: CASH_AMOUNT
          external_inflow_base: "0"
          external_outflow_base: "100"
          fx_rate_to_base: "1"
          investment_market_value: "0"
          investment_market_value_base: "0"
          net_contribution: "500"
          net_contribution_base: "500"
          performance_eligible_value_base: "500"
          total_value: "500"
          total_value_base: "500"
          value_status: complete
        - basis_status: notApplicable
          book_basis: "500"
          book_basis_base: "500"
          cash_balance: "500"
          cash_balance_base: "500"
          cost_basis: "0"
          cost_basis_base: "0"
          date: 2025-01-07
          external_flow_source: NO_FLOW
          external_inflow_base: "0"
          external_outflow_base: "0"
          fx_rate_to_base: "1"
          investment_market_value: "0"
          investment_market_value_base: "0"
          net_contribution: "500"
          net_contribution_base: "500"
          performance_eligible_value_base: "500"
          total_value: "500"
          total_value_base: "500"
          value_status: complete
        - basis_status: notApplicable
          book_basis: "500"
          book_basis_base: "500"
          cash_balance: "500"
          cash_balance_base: "500"
          cost_basis: "0"
          cost_basis_base: "0"
          date: 2025-01-08
          external_flow_source: NO_FLOW
          external_inflow_base: "0"
          external_outflow_base: "0"
          fx_rate_to_base: "1"
          investment_market_value: "0"
          investment_market_value_base: "0"
          net_contribution: "500"
          net_contribution_base: "500"
          performance_eligible_value_base: "500"
          total_value: "500"
          total_value_base: "500"
          value_status: complete
    acc-c:
      currency: USD
      disposals: []
      flows:
        - date: 2025-01-06
          inflow_base: "100"
          outflow_base: "0"
          source: CASH_AMOUNT
      keyframes:
        - cash:
            USD: "500"
          cash_total_account_currency: "500"
          cash_total_base_currency: "500"
          cost_basis: "0"
          date: 2025-01-02
          net_contribution: "500"
          net_contribution_base: "500"
          positions: {}
          source: CALCULATED
        - cash:
            USD: "600"
          cash_total_account_currency: "600"
          cash_total_base_currency: "600"
          cost_basis: "0"
          date: 2025-01-06
          net_contribution: "600"
          net_contribution_base: "600"
          positions: {}
          source: CALCULATED
      lots: []
      performance:
        all_time:
          attribution:
            contributions: "600"
            distributions: "0"
            fees: "0"
            fx_effect: "0"
            income: "0"
            realized_pnl: "0"
            residual: "0"
            taxes: "0"
            unrealized_pnl_change: "0"
          basis_status: notApplicable
          is_holdings_mode: false
          is_mixed_tracking_mode: false
          method: timeWeighted
          period_end: 2025-01-08
          period_start: 2025-01-02
          quality: ok
          returns:
            annualized_irr: "0"
            annualized_twr: ~
            annualized_value_return: ~
            irr: "0"
            twr: "0"
            value_return: "0"
          risk:
            drawdown_duration_days: 1
            max_drawdown: "0"
            peak_date: 2025-01-02
            recovery_date: ~
            trough_date: 2025-01-03
            volatility: "0"
          series:
            - date: 2025-01-02
              value: "0"
            - date: 2025-01-03
              value: "0"
            - date: 2025-01-04
              value: "0"
            - date: 2025-01-05
              value: "0"
            - date: 2025-01-06
              value: "0"
            - date: 2025-01-07
              value: "0"
            - date: 2025-01-08
              value: "0"
          summary:
            amount: "0"
            amount_status: complete
            basis: marketValue
            basis_status: notApplicable
            method: timeWeighted
            percent: "0"
            percent_status: complete
            quality: ok
      tracking_mode: TRANSACTIONS
      valuations:
        - basis_status: notApplicable
          book_basis: "500"
          book_basis_base: "500"
          cash_balance: "500"
          cash_balance_base: "500"
          cost_basis: "0"
          cost_basis_base: "0"
          date: 2025-01-02
          external_flow_source: NO_FLOW
          external_inflow_base: "0"
          external_outflow_base: "0"
          fx_rate_to_base: "1"
          investment_market_value: "0"
          investment_market_value_base: "0"
          net_contribution: "500"
          net_contribution_base: "500"
          performance_eligible_value_base: "500"
          total_value: "500"
          total_value_base: "500"
          value_status: complete
        - basis_status: notApplicable
          book_basis: "500"
          book_basis_base: "500"
          cash_balance: "500"
          cash_balance_base: "500"
          cost_basis: "0"
          cost_basis_base: "0"
          date: 2025-01-03
          external_flow_source: NO_FLOW
          external_inflow_base: "0"
          external_outflow_base: "0"
          fx_rate_to_base: "1"
          investment_market_value: "0"
          investment_market_value_base: "0"
          net_contribution: "500"
          net_contribution_base: "500"
          performance_eligible_value_base: "500"
          total_value: "500"
          total_value_base: "500"
          value_status: complete
        - basis_status: notApplicable
          book_basis: "500"
          book_basis_base: "500"
          cash_balance: "500"
          cash_balance_base: "500"
          cost_basis: "0"
          cost_basis_base: "0"
          date: 2025-01-04
          external_flow_source: NO_FLOW
          external_inflow_base: "0"
          external_outflow_base: "0"
          fx_rate_to_base: "1"
          investment_market_value: "0"
          investment_market_value_base: "0"
          net_contribution: "500"
          net_contribution_base: "500"
          performance_eligible_value_base: "500"
          total_value: "500"
          total_value_base: "500"
          value_status: complete
        - basis_status: notApplicable
          book_basis: "500"
          book_basis_base: "500"
          cash_balance: "500"
          cash_balance_base: "500"
          cost_basis: "0"
          cost_basis_base: "0"
          date: 2025-01-05
          external_flow_source: NO_FLOW
          external_inflow_base: "0"
          external_outflow_base: "0"
          fx_rate_to_base: "1"
          investment_market_value: "0"
          investment_market_value_base: "0"
          net_contribution: "500"
          net_contribution_base: "500"
          performance_eligible_value_base: "500"
          total_value: "500"
          total_value_base: "500"
          value_status: complete
        - basis_status: notApplicable
          book_basis: "600"
          book_basis_base: "600"
          cash_balance: "600"
          cash_balance_base: "600"
          cost_basis: "0"
          cost_basis_base: "0"
          date: 2025-01-06
          external_flow_source: CASH_AMOUNT
          external_inflow_base: "100"
          external_outflow_base: "0"
          fx_rate_to_base: "1"
          investment_market_value: "0"
          investment_market_value_base: "0"
          net_contribution: "600"
          net_contribution_base: "600"
          performance_eligible_value_base: "600"
          total_value: "600"
          total_value_base: "600"
          value_status: complete
        - basis_status: notApplicable
          book_basis: "600"
          book_basis_base: "600"
          cash_balance: "600"
          cash_balance_base: "600"
          cost_basis: "0"
          cost_basis_base: "0"
          date: 2025-01-07
          external_flow_source: NO_FLOW
          external_inflow_base: "0"
          external_outflow_base: "0"
          fx_rate_to_base: "1"
          investment_market_value: "0"
          investment_market_value_base: "0"
          net_contribution: "600"
          net_contribution_base: "600"
          performance_eligible_value_base: "600"
          total_value: "600"
          total_value_base: "600"
          value_status: complete
        - basis_status: notApplicable
          book_basis: "600"
          book_basis_base: "600"
          cash_balance: "600"
          cash_balance_base: "600"
          cost_basis: "0"
          cost_basis_base: "0"
          date: 2025-01-08
          external_flow_source: NO_FLOW
          external_inflow_base: "0"
          external_outflow_base: "0"
          fx_rate_to_base: "1"
          investment_market_value: "0"
          investment_market_value_base: "0"
          net_contribution: "600"
          net_contribution_base: "600"
          performance_eligible_value_base: "600"
          total_value: "600"
          total_value_base: "600"
          value_status: complete
  diagnostics: []
  portfolio:
    acc_a_only:
      attribution:
        contributions: "1000"
        distributions: "500"
        fees: "0"
        fx_effect: "0"
        income: "0"
        realized_pnl: "0"
        residual: "0"
        taxes: "0"
        unrealized_pnl_change: "0"
      basis_status: notApplicable
      is_holdings_mode: false
      is_mixed_tracking_mode: false
      method: timeWeighted
      period_end: 2025-01-08
      period_start: 2025-01-02
      quality: ok
      returns:
        annualized_irr: "0"
        annualized_twr: ~
        annualized_value_return: ~
        irr: "0"
        twr: "0"
        value_return: "0"
      risk:
        drawdown_duration_days: 1
        max_drawdown: "0"
        peak_date: 2025-01-02
        recovery_date: ~
        trough_date: 2025-01-03
        volatility: "0"
      series:
        - date: 2025-01-02
          value: "0"
        - date: 2025-01-03
          value: "0"
        - date: 2025-01-04
          value: "0"
        - date: 2025-01-05
          value: "0"
        - date: 2025-01-06
          value: "0"
        - date: 2025-01-07
          value: "0"
        - date: 2025-01-08
          value: "0"
      summary:
        amount: "0"
        amount_status: complete
        basis: marketValue
        basis_status: notApplicable
        method: timeWeighted
        percent: "0"
        percent_status: complete
        quality: ok
    all_time:
      attribution:
        contributions: "1500"
        distributions: "400"
        fees: "0"
        fx_effect: "0"
        income: "0"
        realized_pnl: "0"
        residual: "0"
        taxes: "0"
        unrealized_pnl_change: "0"
      basis_status: notApplicable
      is_holdings_mode: false
      is_mixed_tracking_mode: false
      method: timeWeighted
      period_end: 2025-01-08
      period_start: 2025-01-02
      quality: ok
      returns:
        annualized_irr: "0"
        annualized_twr: ~
        annualized_value_return: ~
        irr: "0"
        twr: "0"
        value_return: "0"
      risk:
        drawdown_duration_days: 1
        max_drawdown: "0"
        peak_date: 2025-01-02
        recovery_date: ~
        trough_date: 2025-01-03
        volatility: "0"
      series:
        - date: 2025-01-02
          value: "0"
        - date: 2025-01-03
          value: "0"
        - date: 2025-01-04
          value: "0"
        - date: 2025-01-05
          value: "0"
        - date: 2025-01-06
          value: "0"
        - date: 2025-01-07
          value: "0"
        - date: 2025-01-08
          value: "0"
      summary:
        amount: "0"
        amount_status: complete
        basis: marketValue
        basis_status: notApplicable
        method: timeWeighted
        percent: "0"
        percent_status: complete
        quality: ok
  portfolio_flows:
    - date: 2025-01-04
      inflow_base: "0"
      outflow_base: "400"
      source: CASH_AMOUNT
    - date: 2025-01-06
      inflow_base: "0"
      outflow_base: "0"
      source: CASH_AMOUNT
scenario: PERF-FLOW-03
